exports[`CartDropdown component should render CartDropdown component 1`] = `ShallowWrapper {}`;